<html>
<body>
<pre>
<h1>µVision Build Log</h1>
<h2>Tool Versions:</h2>
IDE-Version: ¦ÌVision V5.25.2.0
Copyright (C) 2018 ARM Ltd and ARM Germany GmbH. All rights reserved.
License Information: 1 1, 1, LIC=76F56-D39RH-Z9FG9-4FT5F-MB3KW-AZE26
 
Tool Versions:
Toolchain:       MDK-ARM Plus  Version: 5.25.2.0
Toolchain Path:  E:\Keil\ARM\ARMCC\Bin
C Compiler:      Armcc.exe V5.06 update 6 (build 750)
Assembler:       Armasm.exe V5.06 update 6 (build 750)
Linker/Locator:  ArmLink.exe V5.06 update 6 (build 750)
Library Manager: ArmAr.exe V5.06 update 6 (build 750)
Hex Converter:   FromElf.exe V5.06 update 6 (build 750)
CPU DLL:         SARMCM3.DLL V5.25.2.0
Dialog DLL:      DCM.DLL V1.17.1.0
Target DLL:      Segger\JL2CM3.dll V2.99.29.0
Dialog DLL:      TCM.DLL V1.35.1.0
 
<h2>Project:</h2>
F:\GitHub\Documents\carry\MDK-ARM\carry_robot.uvprojx
Project File Date:  10/27/2018

<h2>Output:</h2>
*** Using Compiler 'V5.06 update 6 (build 750)', folder: 'E:\Keil\ARM\ARMCC\Bin'
Build target 'carry_robot'
compiling QR_Code.c...
..\Moudle\QR_Code.h(30): warning:  #1-D: last line of file ends without a newline
  /************************ (C) COPYRIGHT STMicroelectronics *****END OF FILE****/
..\Moudle\QR_Code.c(20): warning:  #1-D: last line of file ends without a newline
  }
..\Moudle\QR_Code.c: 2 warnings, 0 errors
compiling main.c...
compiling bsp.c...
compiling stm32f4xx_it.c...
..\Moudle\QR_Code.h(30): warning:  #1-D: last line of file ends without a newline
  /************************ (C) COPYRIGHT STMicroelectronics *****END OF FILE****/
../Src/stm32f4xx_it.c(524): warning:  #177-D: variable "motor_count"  was declared but never referenced
    int16_t motor_count;
../Src/stm32f4xx_it.c: 2 warnings, 0 errors
compiling correct_task.c...
compiling decision_task.c...
compiling location_task.c...
linking...
Program Size: Code=15640 RO-data=1148 RW-data=196 ZI-data=17844  
FromELF: creating hex file...
"carry_robot\carry_robot.axf" - 0 Error(s), 4 Warning(s).

<h2>Software Packages used:</h2>

Package Vendor: ARM
                http://www.keil.com/pack/ARM.CMSIS.5.3.0.pack
                ARM.CMSIS.5.3.0
                CMSIS (Cortex Microcontroller Software Interface Standard)
   * Component: CORE Version: 5.1.1

Package Vendor: Keil
                http://www.keil.com/pack/Keil.STM32F4xx_DFP.2.13.0.pack
                Keil.STM32F4xx_DFP.2.13.0
                STMicroelectronics STM32F4 Series Device Support, Drivers and Examples

<h2>Collection of Component include folders:</h2>
  .\RTE\_carry_robot
  E:\Keil\ARM\PACK\ARM\CMSIS\5.3.0\CMSIS\Include
  E:\Keil\ARM\PACK\Keil\STM32F4xx_DFP\2.13.0\Drivers\CMSIS\Device\ST\STM32F4xx\Include

<h2>Collection of Component Files used:</h2>

   * Component: ARM::CMSIS:CORE:5.1.1
Build Time Elapsed:  00:00:23
</pre>
</body>
</html>
